******************************************************************************
                  TI ARM Linker PC v5.2.7                      
******************************************************************************
>> Linked Thu Aug 11 15:58:49 2016

OUTPUT FILE NAME:   <lab_1.out>
ENTRY POINT SYMBOL: "_c_int00"  address: 00000761


MEMORY CONFIGURATION

         name            origin    length      used     unused   attr    fill
----------------------  --------  ---------  --------  --------  ----  --------
  FLASH                 00000000   00040000  0000094c  0003f6b4  R  X
  SRAM                  20000000   00008000  00000215  00007deb  RW X


SEGMENT ALLOCATION MAP

run origin  load origin   length   init length attrs members
----------  ----------- ---------- ----------- ----- -------
00000000    00000000    00000950   00000950    r-x
  00000000    00000000    0000026c   0000026c    r-- .intvecs
  0000026c    0000026c    000006c0   000006c0    r-x .text
  00000930    00000930    00000020   00000020    r-- .cinit
20000000    20000000    00000215   00000000    rw-
  20000000    20000000    00000200   00000000    rw- .stack
  20000200    20000200    00000015   00000000    rw- .data


SECTION ALLOCATION MAP

 output                                  attributes/
section   page    origin      length       input sections
--------  ----  ----------  ----------   ----------------
.intvecs   0    00000000    0000026c     
                  00000000    0000026c     tm4c123gh6pm_startup_ccs.obj (.intvecs)

.text      0    0000026c    000006c0     
                  0000026c    00000132     driverlib.lib : gpio.obj (.text:GPIOPadConfigSet)
                  0000039e    00000002     --HOLE-- [fill = 0]
                  000003a0    000000f4                   : sysctl.obj (.text:SysCtlClockSet)
                  00000494    000000dc     lab_1_1.obj (.text)
                  00000570    0000009c     rtsv7M4_T_le_v4SPD16_eabi.lib : memcpy_t2.obj (.text)
                  0000060c    0000007a                                   : memset_t2.obj (.text)
                  00000686    00000002     --HOLE-- [fill = 0]
                  00000688    0000006c                                   : autoinit.obj (.text)
                  000006f4    0000006a                                   : copy_decompress_rle.obj (.text)
                  0000075e    00000002     --HOLE-- [fill = 0]
                  00000760    00000050                                   : boot.obj (.text)
                  000007b0    0000004c                                   : cpy_tbl.obj (.text)
                  000007fc    00000044                                   : exit.obj (.text)
                  00000840    00000034     driverlib.lib : sysctl.obj (.text:SysCtlPeripheralEnable)
                  00000874    0000002a                   : gpio.obj (.text:GPIODirModeSet)
                  0000089e    00000018                   : gpio.obj (.text:GPIOPinTypeGPIOOutput)
                  000008b6    00000002     --HOLE-- [fill = 0]
                  000008b8    00000018     rtsv7M4_T_le_v4SPD16_eabi.lib : args_main.obj (.text)
                  000008d0    00000014                                   : _lock.obj (.text)
                  000008e4    00000012     driverlib.lib : gpio.obj (.text:GPIOPinTypeGPIOInput)
                  000008f6    0000000e     rtsv7M4_T_le_v4SPD16_eabi.lib : copy_decompress_none.obj (.text:decompress:none)
                  00000904    0000000c     tm4c123gh6pm_startup_ccs.obj (.text)
                  00000910    00000006     driverlib.lib : gpio.obj (.text:GPIOPinRead)
                  00000916    00000006                   : gpio.obj (.text:GPIOPinWrite)
                  0000091c    00000006                   : sysctl.obj (.text:SysCtlDelay)
                  00000922    00000006     rtsv7M4_T_le_v4SPD16_eabi.lib : copy_decompress_rle.obj (.text:decompress:rle24)
                  00000928    00000004                                   : pre_init.obj (.text)

.cinit     0    00000930    00000020     
                  00000930    0000000f     (.cinit..data.load) [load image, compression = rle]
                  0000093f    00000001     --HOLE-- [fill = 0]
                  00000940    00000008     (__TI_handler_table)
                  00000948    00000008     (__TI_cinit_table)

.init_array 
*          0    00000000    00000000     UNINITIALIZED

.stack     0    20000000    00000200     UNINITIALIZED
                  20000000    00000200     --HOLE--

.data      0    20000200    00000015     UNINITIALIZED
                  20000200    00000008     rtsv7M4_T_le_v4SPD16_eabi.lib : _lock.obj (.data)
                  20000208    00000008                                   : exit.obj (.data)
                  20000210    00000004                                   : stkdepth_vars.obj (.data)
                  20000214    00000001     lab_1_1.obj (.data)

.TI.persistent 
*          0    20000200    00000000     UNINITIALIZED


LINKER GENERATED COPY TABLES

__TI_cinit_table @ 00000948 records: 1, size/record: 8, table size: 8
	.data: load addr=00000930, load size=0000000f bytes, run addr=20000200, run size=00000015 bytes, compression=rle


LINKER GENERATED HANDLER TABLE

__TI_handler_table @ 00000940 records: 2, size/record: 4, table size: 8
	index: 0, handler: __TI_decompress_rle24
	index: 1, handler: __TI_decompress_none


GLOBAL SYMBOLS: SORTED ALPHABETICALLY BY Name 

address   name                    
-------   ----                    
000007fd  C$$EXIT                 
00000875  GPIODirModeSet          
0000026d  GPIOPadConfigSet        
00000911  GPIOPinRead             
000008e5  GPIOPinTypeGPIOInput    
0000089f  GPIOPinTypeGPIOOutput   
00000917  GPIOPinWrite            
00000905  ResetISR                
UNDEFED   SHT$$INIT_ARRAY$$Base   
UNDEFED   SHT$$INIT_ARRAY$$Limit  
000003a1  SysCtlClockSet          
0000091d  SysCtlDelay             
00000841  SysCtlPeripheralEnable  
20000200  __STACK_END             
00000200  __STACK_SIZE            
20000200  __STACK_TOP             
00000948  __TI_CINIT_Base         
00000950  __TI_CINIT_Limit        
00000940  __TI_Handler_Table_Base 
00000948  __TI_Handler_Table_Limit
00000689  __TI_auto_init          
20000208  __TI_cleanup_ptr        
000008f7  __TI_decompress_none    
00000923  __TI_decompress_rle24   
2000020c  __TI_dtors_ptr          
00000000  __TI_static_base__      
0000060d  __aeabi_memclr          
0000060d  __aeabi_memclr4         
0000060d  __aeabi_memclr8         
00000571  __aeabi_memcpy          
00000571  __aeabi_memcpy4         
00000571  __aeabi_memcpy8         
0000060f  __aeabi_memset          
0000060f  __aeabi_memset4         
0000060f  __aeabi_memset8         
ffffffff  __binit__               
ffffffff  __c_args__              
20000000  __stack                 
000008b9  _args_main              
00000761  _c_int00                
20000200  _lock                   
000008df  _nop                    
000008d7  _register_lock          
000008d1  _register_unlock        
00000929  _system_pre_init        
20000204  _unlock                 
00000801  abort                   
ffffffff  binit                   
000007b1  copy_in                 
00000809  exit                    
00000000  g_pfnVectors            
000004a5  led_pin_config          
000004b1  main                    
20000210  main_func_sp            
00000571  memcpy                  
00000615  memset                  
00000495  setup                   
20000214  sw2count                


GLOBAL SYMBOLS: SORTED BY Symbol Address 

address   name                    
-------   ----                    
00000000  __TI_static_base__      
00000000  g_pfnVectors            
00000200  __STACK_SIZE            
0000026d  GPIOPadConfigSet        
000003a1  SysCtlClockSet          
00000495  setup                   
000004a5  led_pin_config          
000004b1  main                    
00000571  __aeabi_memcpy          
00000571  __aeabi_memcpy4         
00000571  __aeabi_memcpy8         
00000571  memcpy                  
0000060d  __aeabi_memclr          
0000060d  __aeabi_memclr4         
0000060d  __aeabi_memclr8         
0000060f  __aeabi_memset          
0000060f  __aeabi_memset4         
0000060f  __aeabi_memset8         
00000615  memset                  
00000689  __TI_auto_init          
00000761  _c_int00                
000007b1  copy_in                 
000007fd  C$$EXIT                 
00000801  abort                   
00000809  exit                    
00000841  SysCtlPeripheralEnable  
00000875  GPIODirModeSet          
0000089f  GPIOPinTypeGPIOOutput   
000008b9  _args_main              
000008d1  _register_unlock        
000008d7  _register_lock          
000008df  _nop                    
000008e5  GPIOPinTypeGPIOInput    
000008f7  __TI_decompress_none    
00000905  ResetISR                
00000911  GPIOPinRead             
00000917  GPIOPinWrite            
0000091d  SysCtlDelay             
00000923  __TI_decompress_rle24   
00000929  _system_pre_init        
00000940  __TI_Handler_Table_Base 
00000948  __TI_CINIT_Base         
00000948  __TI_Handler_Table_Limit
00000950  __TI_CINIT_Limit        
20000000  __stack                 
20000200  __STACK_END             
20000200  __STACK_TOP             
20000200  _lock                   
20000204  _unlock                 
20000208  __TI_cleanup_ptr        
2000020c  __TI_dtors_ptr          
20000210  main_func_sp            
20000214  sw2count                
ffffffff  __binit__               
ffffffff  __c_args__              
ffffffff  binit                   
UNDEFED   SHT$$INIT_ARRAY$$Base   
UNDEFED   SHT$$INIT_ARRAY$$Limit  

[58 symbols]
