******************************************************************************
                  TI ARM Linker PC v5.2.7                      
******************************************************************************
>> Linked Mon Aug 08 23:28:58 2016

OUTPUT FILE NAME:   <lab_1.out>
ENTRY POINT SYMBOL: "_c_int00"  address: 00000755


MEMORY CONFIGURATION

         name            origin    length      used     unused   attr    fill
----------------------  --------  ---------  --------  --------  ----  --------
  FLASH                 00000000   00040000  0000094a  0003f6b6  R  X
  SRAM                  20000000   00008000  00000214  00007dec  RW X


SEGMENT ALLOCATION MAP

run origin  load origin   length   init length attrs members
----------  ----------- ---------- ----------- ----- -------
00000000    00000000    00000950   00000950    r-x
  00000000    00000000    0000026c   0000026c    r-- .intvecs
  00000270    00000270    000006be   000006be    r-x .text
  00000930    00000930    00000020   00000020    r-- .cinit
20000000    20000000    00000214   00000000    rw-
  20000000    20000000    00000200   00000000    rw- .stack
  20000200    20000200    00000014   00000000    rw- .data


SECTION ALLOCATION MAP

 output                                  attributes/
section   page    origin      length       input sections
--------  ----  ----------  ----------   ----------------
.intvecs   0    00000000    0000026c     
                  00000000    0000026c     tm4c123gh6pm_startup_ccs.obj (.intvecs)

.text      0    00000270    000006be     
                  00000270    00000132     driverlib.lib : gpio.obj (.text:GPIOPadConfigSet)
                  000003a2    00000002     --HOLE-- [fill = 0]
                  000003a4    000000f4                   : sysctl.obj (.text:SysCtlClockSet)
                  00000498    000000cc     lab-1.obj (.text)
                  00000564    0000009c     rtsv7M4_T_le_v4SPD16_eabi.lib : memcpy_t2.obj (.text)
                  00000600    0000007a                                   : memset_t2.obj (.text)
                  0000067a    00000002     --HOLE-- [fill = 0]
                  0000067c    0000006c                                   : autoinit.obj (.text)
                  000006e8    0000006a                                   : copy_decompress_rle.obj (.text)
                  00000752    00000002     --HOLE-- [fill = 0]
                  00000754    00000050                                   : boot.obj (.text)
                  000007a4    0000004c                                   : cpy_tbl.obj (.text)
                  000007f0    00000044                                   : exit.obj (.text)
                  00000834    00000034     driverlib.lib : sysctl.obj (.text:SysCtlPeripheralEnable)
                  00000868    0000002a                   : gpio.obj (.text:GPIODirModeSet)
                  00000892    00000006                   : gpio.obj (.text:GPIOPinRead)
                  00000898    0000001a     tm4c123gh6pm_startup_ccs.obj (.text)
                  000008b2    00000018     driverlib.lib : gpio.obj (.text:GPIOPinTypeGPIOOutput)
                  000008ca    00000002     --HOLE-- [fill = 0]
                  000008cc    00000018     rtsv7M4_T_le_v4SPD16_eabi.lib : args_main.obj (.text)
                  000008e4    00000014                                   : _lock.obj (.text)
                  000008f8    00000012     driverlib.lib : gpio.obj (.text:GPIOPinTypeGPIOInput)
                  0000090a    0000000e     rtsv7M4_T_le_v4SPD16_eabi.lib : copy_decompress_none.obj (.text:decompress:none)
                  00000918    00000006     driverlib.lib : gpio.obj (.text:GPIOPinWrite)
                  0000091e    00000006                   : sysctl.obj (.text:SysCtlDelay)
                  00000924    00000006     rtsv7M4_T_le_v4SPD16_eabi.lib : copy_decompress_rle.obj (.text:decompress:rle24)
                  0000092a    00000004                                   : pre_init.obj (.text)

.cinit     0    00000930    00000020     
                  00000930    0000000f     (.cinit..data.load) [load image, compression = rle]
                  0000093f    00000001     --HOLE-- [fill = 0]
                  00000940    00000008     (__TI_handler_table)
                  00000948    00000008     (__TI_cinit_table)

.init_array 
*          0    00000000    00000000     UNINITIALIZED

.stack     0    20000000    00000200     UNINITIALIZED
                  20000000    00000200     --HOLE--

.data      0    20000200    00000014     UNINITIALIZED
                  20000200    00000008     rtsv7M4_T_le_v4SPD16_eabi.lib : _lock.obj (.data)
                  20000208    00000008                                   : exit.obj (.data)
                  20000210    00000004                                   : stkdepth_vars.obj (.data)

.TI.persistent 
*          0    20000200    00000000     UNINITIALIZED


LINKER GENERATED COPY TABLES

__TI_cinit_table @ 00000948 records: 1, size/record: 8, table size: 8
	.data: load addr=00000930, load size=0000000f bytes, run addr=20000200, run size=00000014 bytes, compression=rle


LINKER GENERATED HANDLER TABLE

__TI_handler_table @ 00000940 records: 2, size/record: 4, table size: 8
	index: 0, handler: __TI_decompress_rle24
	index: 1, handler: __TI_decompress_none


GLOBAL SYMBOLS: SORTED ALPHABETICALLY BY Name 

address   name                    
-------   ----                    
000007f1  C$$EXIT                 
00000869  GPIODirModeSet          
00000271  GPIOPadConfigSet        
00000893  GPIOPinRead             
000008f9  GPIOPinTypeGPIOInput    
000008b3  GPIOPinTypeGPIOOutput   
00000919  GPIOPinWrite            
00000899  ResetISR                
UNDEFED   SHT$$INIT_ARRAY$$Base   
UNDEFED   SHT$$INIT_ARRAY$$Limit  
000003a5  SysCtlClockSet          
0000091f  SysCtlDelay             
00000835  SysCtlPeripheralEnable  
20000200  __STACK_END             
00000200  __STACK_SIZE            
20000200  __STACK_TOP             
00000948  __TI_CINIT_Base         
00000950  __TI_CINIT_Limit        
00000940  __TI_Handler_Table_Base 
00000948  __TI_Handler_Table_Limit
0000067d  __TI_auto_init          
20000208  __TI_cleanup_ptr        
0000090b  __TI_decompress_none    
00000925  __TI_decompress_rle24   
2000020c  __TI_dtors_ptr          
00000000  __TI_static_base__      
00000601  __aeabi_memclr          
00000601  __aeabi_memclr4         
00000601  __aeabi_memclr8         
00000565  __aeabi_memcpy          
00000565  __aeabi_memcpy4         
00000565  __aeabi_memcpy8         
00000603  __aeabi_memset          
00000603  __aeabi_memset4         
00000603  __aeabi_memset8         
ffffffff  __binit__               
ffffffff  __c_args__              
20000000  __stack                 
000008cd  _args_main              
00000755  _c_int00                
20000200  _lock                   
000008f3  _nop                    
000008eb  _register_lock          
000008e5  _register_unlock        
0000092b  _system_pre_init        
20000204  _unlock                 
000007f5  abort                   
ffffffff  binit                   
000007a5  copy_in                 
000007fd  exit                    
00000000  g_pfnVectors            
000004a9  led_pin_config          
000004b9  main                    
20000210  main_func_sp            
00000565  memcpy                  
00000609  memset                  
00000499  setup                   


GLOBAL SYMBOLS: SORTED BY Symbol Address 

address   name                    
-------   ----                    
00000000  __TI_static_base__      
00000000  g_pfnVectors            
00000200  __STACK_SIZE            
00000271  GPIOPadConfigSet        
000003a5  SysCtlClockSet          
00000499  setup                   
000004a9  led_pin_config          
000004b9  main                    
00000565  __aeabi_memcpy          
00000565  __aeabi_memcpy4         
00000565  __aeabi_memcpy8         
00000565  memcpy                  
00000601  __aeabi_memclr          
00000601  __aeabi_memclr4         
00000601  __aeabi_memclr8         
00000603  __aeabi_memset          
00000603  __aeabi_memset4         
00000603  __aeabi_memset8         
00000609  memset                  
0000067d  __TI_auto_init          
00000755  _c_int00                
000007a5  copy_in                 
000007f1  C$$EXIT                 
000007f5  abort                   
000007fd  exit                    
00000835  SysCtlPeripheralEnable  
00000869  GPIODirModeSet          
00000893  GPIOPinRead             
00000899  ResetISR                
000008b3  GPIOPinTypeGPIOOutput   
000008cd  _args_main              
000008e5  _register_unlock        
000008eb  _register_lock          
000008f3  _nop                    
000008f9  GPIOPinTypeGPIOInput    
0000090b  __TI_decompress_none    
00000919  GPIOPinWrite            
0000091f  SysCtlDelay             
00000925  __TI_decompress_rle24   
0000092b  _system_pre_init        
00000940  __TI_Handler_Table_Base 
00000948  __TI_CINIT_Base         
00000948  __TI_Handler_Table_Limit
00000950  __TI_CINIT_Limit        
20000000  __stack                 
20000200  __STACK_END             
20000200  __STACK_TOP             
20000200  _lock                   
20000204  _unlock                 
20000208  __TI_cleanup_ptr        
2000020c  __TI_dtors_ptr          
20000210  main_func_sp            
ffffffff  __binit__               
ffffffff  __c_args__              
ffffffff  binit                   
UNDEFED   SHT$$INIT_ARRAY$$Base   
UNDEFED   SHT$$INIT_ARRAY$$Limit  

[57 symbols]
