******************************************************************************
                  TI ARM Linker PC v5.2.7                      
******************************************************************************
>> Linked Wed Sep 07 15:35:07 2016

OUTPUT FILE NAME:   <lab_03_01.out>
ENTRY POINT SYMBOL: "_c_int00"  address: 00000bfd


MEMORY CONFIGURATION

         name            origin    length      used     unused   attr    fill
----------------------  --------  ---------  --------  --------  ----  --------
  FLASH                 00000000   00040000  00001272  0003ed8e  R  X
  SRAM                  20000000   00008000  0000049d  00007b63  RW X


SEGMENT ALLOCATION MAP

run origin  load origin   length   init length attrs members
----------  ----------- ---------- ----------- ----- -------
00000000    00000000    00001278   00001278    r-x
  00000000    00000000    00000268   00000268    r-- .intvecs
  00000268    00000268    00000cce   00000cce    r-x .text
  00000f38    00000f38    000002ec   000002ec    r-- .const
  00001228    00001228    00000050   00000050    r-- .cinit
20000000    20000000    0000049d   00000000    rw-
  20000000    20000000    0000026c   00000000    rw- .vtable
  2000026c    2000026c    00000200   00000000    rw- .stack
  2000046c    2000046c    00000024   00000000    rw- .data
  20000490    20000490    0000000d   00000000    rw- .bss


SECTION ALLOCATION MAP

 output                                  attributes/
section   page    origin      length       input sections
--------  ----  ----------  ----------   ----------------
.intvecs   0    00000000    00000268     
                  00000000    00000268     tm4c123gh6pm_startup_ccs.obj (.intvecs)

.text      0    00000268    00000cce     
                  00000268    000003ac     main.obj (.text)
                  00000614    00000132     driverlib.lib : gpio.obj (.text:GPIOPadConfigSet)
                  00000746    00000002     --HOLE-- [fill = 0]
                  00000748    00000110                   : sysctl.obj (.text:SysCtlClockGet)
                  00000858    000000f4                   : sysctl.obj (.text:SysCtlClockSet)
                  0000094c    0000009c     rtsv7M4_T_le_v4SPD16_eabi.lib : memcpy_t2.obj (.text)
                  000009e8    0000007a                                   : memset_t2.obj (.text)
                  00000a62    00000002     --HOLE-- [fill = 0]
                  00000a64    0000006c                                   : autoinit.obj (.text)
                  00000ad0    0000006a                                   : copy_decompress_rle.obj (.text)
                  00000b3a    00000002     --HOLE-- [fill = 0]
                  00000b3c    00000068     driverlib.lib : interrupt.obj (.text:IntEnable)
                  00000ba4    00000056                   : gpio.obj (.text:GPIOIntTypeSet)
                  00000bfa    00000002     --HOLE-- [fill = 0]
                  00000bfc    00000050     rtsv7M4_T_le_v4SPD16_eabi.lib : boot.obj (.text)
                  00000c4c    0000004c                                   : cpy_tbl.obj (.text)
                  00000c98    00000048     driverlib.lib : gpio.obj (.text:GPIOPinConfigure)
                  00000ce0    00000044     rtsv7M4_T_le_v4SPD16_eabi.lib : exit.obj (.text)
                  00000d24    00000040     driverlib.lib : gpio.obj (.text:_GPIOIntNumberGet)
                  00000d64    00000034                   : interrupt.obj (.text:IntRegister)
                  00000d98    00000034                   : sysctl.obj (.text:SysCtlPeripheralEnable)
                  00000dcc    0000002a                   : gpio.obj (.text:GPIODirModeSet)
                  00000df6    00000022                   : pwm.obj (.text:PWMGenConfigure)
                  00000e18    0000001e                   : pwm.obj (.text:PWMPulseWidthSet)
                  00000e36    00000018                   : gpio.obj (.text:GPIOIntRegister)
                  00000e4e    00000018                   : gpio.obj (.text:GPIOPinTypeGPIOOutput)
                  00000e66    00000002     --HOLE-- [fill = 0]
                  00000e68    00000018     rtsv7M4_T_le_v4SPD16_eabi.lib : args_main.obj (.text)
                  00000e80    00000014     driverlib.lib : sysctl.obj (.text:SysCtlPWMClockSet)
                  00000e94    00000014     rtsv7M4_T_le_v4SPD16_eabi.lib : _lock.obj (.text)
                  00000ea8    00000012     driverlib.lib : gpio.obj (.text:GPIOPinTypePWM)
                  00000eba    00000012                   : pwm.obj (.text:PWMOutputState)
                  00000ecc    00000010                   : pwm.obj (.text:PWMGenPeriodSet)
                  00000edc    0000000e     rtsv7M4_T_le_v4SPD16_eabi.lib : copy_decompress_none.obj (.text:decompress:none)
                  00000eea    0000000c     driverlib.lib : gpio.obj (.text:GPIOIntEnable)
                  00000ef6    0000000c                   : pwm.obj (.text:PWMGenEnable)
                  00000f02    0000000c     rtsv7M4_T_le_v4SPD16_eabi.lib : copy_zero_init.obj (.text:decompress:ZI)
                  00000f0e    0000000c     tm4c123gh6pm_startup_ccs.obj (.text)
                  00000f1a    00000006     driverlib.lib : gpio.obj (.text:GPIOIntClear)
                  00000f20    00000006                   : gpio.obj (.text:GPIOPinRead)
                  00000f26    00000006                   : sysctl.obj (.text:SysCtlDelay)
                  00000f2c    00000006     rtsv7M4_T_le_v4SPD16_eabi.lib : copy_decompress_rle.obj (.text:decompress:rle24)
                  00000f32    00000004                                   : pre_init.obj (.text)

.const     0    00000f38    000002ec     
                  00000f38    000000c0     driverlib.lib : gpio.obj (.const:g_ppui32GPIOIntMapBlizzard)
                  00000ff8    000000c0                   : gpio.obj (.const:g_ppui32GPIOIntMapSnowflake)
                  000010b8    00000090                   : gpio.obj (.const:g_pui32GPIOBaseAddrs)
                  00001148    00000070                   : interrupt.obj (.const)
                  000011b8    0000006c                   : sysctl.obj (.const:g_pui32Xtals)

.cinit     0    00001228    00000050     
                  00001228    00000015     (.cinit..data.load) [load image, compression = rle]
                  0000123d    00000003     --HOLE-- [fill = 0]
                  00001240    0000000c     (__TI_handler_table)
                  0000124c    00000004     --HOLE-- [fill = 0]
                  00001250    00000008     (.cinit..bss.load) [load image, compression = zero_init]
                  00001258    00000008     (.cinit..vtable.load) [load image, compression = zero_init]
                  00001260    00000018     (__TI_cinit_table)

.init_array 
*          0    00000000    00000000     UNINITIALIZED

.vtable    0    20000000    0000026c     UNINITIALIZED
                  20000000    0000026c     driverlib.lib : interrupt.obj (.vtable)

.stack     0    2000026c    00000200     UNINITIALIZED
                  2000026c    00000200     --HOLE--

.data      0    2000046c    00000024     UNINITIALIZED
                  2000046c    00000010     main.obj (.data)
                  2000047c    00000008     rtsv7M4_T_le_v4SPD16_eabi.lib : _lock.obj (.data)
                  20000484    00000008                                   : exit.obj (.data)
                  2000048c    00000004                                   : stkdepth_vars.obj (.data)

.bss       0    20000490    0000000d     UNINITIALIZED
                  20000490    00000004     (.common:i)
                  20000494    00000004     (.common:ui32Load)
                  20000498    00000004     (.common:ui32PWMClock)
                  2000049c    00000001     (.common:ui8Adjust)

.TI.persistent 
*          0    2000046c    00000000     UNINITIALIZED

.TI.noinit 
*          0    20000490    00000000     UNINITIALIZED


LINKER GENERATED COPY TABLES

__TI_cinit_table @ 00001260 records: 3, size/record: 8, table size: 24
	.data: load addr=00001228, load size=00000015 bytes, run addr=2000046c, run size=00000024 bytes, compression=rle
	.bss: load addr=00001250, load size=00000008 bytes, run addr=20000490, run size=0000000d bytes, compression=zero_init
	.vtable: load addr=00001258, load size=00000008 bytes, run addr=20000000, run size=0000026c bytes, compression=zero_init


LINKER GENERATED HANDLER TABLE

__TI_handler_table @ 00001240 records: 3, size/record: 4, table size: 12
	index: 0, handler: __TI_zero_init
	index: 1, handler: __TI_decompress_rle24
	index: 2, handler: __TI_decompress_none


GLOBAL SYMBOLS: SORTED ALPHABETICALLY BY Name 

address   name                    
-------   ----                    
00000ce1  C$$EXIT                 
00000dcd  GPIODirModeSet          
00000f1b  GPIOIntClear            
00000eeb  GPIOIntEnable           
00000e37  GPIOIntRegister         
00000ba5  GPIOIntTypeSet          
00000615  GPIOPadConfigSet        
00000c99  GPIOPinConfigure        
00000f21  GPIOPinRead             
00000e4f  GPIOPinTypeGPIOOutput   
00000ea9  GPIOPinTypePWM          
00000b3d  IntEnable               
00000d65  IntRegister             
00000df7  PWMGenConfigure         
00000ef7  PWMGenEnable            
00000ecd  PWMGenPeriodSet         
00000ebb  PWMOutputState          
00000e19  PWMPulseWidthSet        
00000f0f  ResetISR                
UNDEFED   SHT$$INIT_ARRAY$$Base   
UNDEFED   SHT$$INIT_ARRAY$$Limit  
00000749  SysCtlClockGet          
00000859  SysCtlClockSet          
00000f27  SysCtlDelay             
00000e81  SysCtlPWMClockSet       
00000d99  SysCtlPeripheralEnable  
2000046c  __STACK_END             
00000200  __STACK_SIZE            
2000046c  __STACK_TOP             
00001260  __TI_CINIT_Base         
00001278  __TI_CINIT_Limit        
00001240  __TI_Handler_Table_Base 
0000124c  __TI_Handler_Table_Limit
00000a65  __TI_auto_init          
20000484  __TI_cleanup_ptr        
00000edd  __TI_decompress_none    
00000f2d  __TI_decompress_rle24   
20000488  __TI_dtors_ptr          
00000000  __TI_static_base__      
00000f03  __TI_zero_init          
000009e9  __aeabi_memclr          
000009e9  __aeabi_memclr4         
000009e9  __aeabi_memclr8         
0000094d  __aeabi_memcpy          
0000094d  __aeabi_memcpy4         
0000094d  __aeabi_memcpy8         
000009eb  __aeabi_memset          
000009eb  __aeabi_memset4         
000009eb  __aeabi_memset8         
ffffffff  __binit__               
ffffffff  __c_args__              
2000026c  __stack                 
00000e69  _args_main              
00000bfd  _c_int00                
2000047c  _lock                   
00000ea3  _nop                    
00000e9b  _register_lock          
00000e95  _register_unlock        
00000f33  _system_pre_init        
20000480  _unlock                 
00000ce5  abort                   
ffffffff  binit                   
00000285  colorchange             
00000c4d  copy_in                 
000003e1  detectkeypress          
00000ced  exit                    
20000000  g_pfnRAMVectors         
00000000  g_pfnVectors            
20000490  i                       
00000279  led_pin_config          
00000429  main                    
2000048c  main_func_sp            
0000094d  memcpy                  
000009f1  memset                  
00000269  setup                   
20000478  sw1_count               
20000470  sw1press                
20000474  sw2press                
2000046c  time                    
20000494  ui32Load                
20000498  ui32PWMClock            
2000049c  ui8Adjust               


GLOBAL SYMBOLS: SORTED BY Symbol Address 

address   name                    
-------   ----                    
00000000  __TI_static_base__      
00000000  g_pfnVectors            
00000200  __STACK_SIZE            
00000269  setup                   
00000279  led_pin_config          
00000285  colorchange             
000003e1  detectkeypress          
00000429  main                    
00000615  GPIOPadConfigSet        
00000749  SysCtlClockGet          
00000859  SysCtlClockSet          
0000094d  __aeabi_memcpy          
0000094d  __aeabi_memcpy4         
0000094d  __aeabi_memcpy8         
0000094d  memcpy                  
000009e9  __aeabi_memclr          
000009e9  __aeabi_memclr4         
000009e9  __aeabi_memclr8         
000009eb  __aeabi_memset          
000009eb  __aeabi_memset4         
000009eb  __aeabi_memset8         
000009f1  memset                  
00000a65  __TI_auto_init          
00000b3d  IntEnable               
00000ba5  GPIOIntTypeSet          
00000bfd  _c_int00                
00000c4d  copy_in                 
00000c99  GPIOPinConfigure        
00000ce1  C$$EXIT                 
00000ce5  abort                   
00000ced  exit                    
00000d65  IntRegister             
00000d99  SysCtlPeripheralEnable  
00000dcd  GPIODirModeSet          
00000df7  PWMGenConfigure         
00000e19  PWMPulseWidthSet        
00000e37  GPIOIntRegister         
00000e4f  GPIOPinTypeGPIOOutput   
00000e69  _args_main              
00000e81  SysCtlPWMClockSet       
00000e95  _register_unlock        
00000e9b  _register_lock          
00000ea3  _nop                    
00000ea9  GPIOPinTypePWM          
00000ebb  PWMOutputState          
00000ecd  PWMGenPeriodSet         
00000edd  __TI_decompress_none    
00000eeb  GPIOIntEnable           
00000ef7  PWMGenEnable            
00000f03  __TI_zero_init          
00000f0f  ResetISR                
00000f1b  GPIOIntClear            
00000f21  GPIOPinRead             
00000f27  SysCtlDelay             
00000f2d  __TI_decompress_rle24   
00000f33  _system_pre_init        
00001240  __TI_Handler_Table_Base 
0000124c  __TI_Handler_Table_Limit
00001260  __TI_CINIT_Base         
00001278  __TI_CINIT_Limit        
20000000  g_pfnRAMVectors         
2000026c  __stack                 
2000046c  __STACK_END             
2000046c  __STACK_TOP             
2000046c  time                    
20000470  sw1press                
20000474  sw2press                
20000478  sw1_count               
2000047c  _lock                   
20000480  _unlock                 
20000484  __TI_cleanup_ptr        
20000488  __TI_dtors_ptr          
2000048c  main_func_sp            
20000490  i                       
20000494  ui32Load                
20000498  ui32PWMClock            
2000049c  ui8Adjust               
ffffffff  __binit__               
ffffffff  __c_args__              
ffffffff  binit                   
UNDEFED   SHT$$INIT_ARRAY$$Base   
UNDEFED   SHT$$INIT_ARRAY$$Limit  

[82 symbols]
