******************************************************************************
                  TI ARM Linker PC v5.2.7                      
******************************************************************************
>> Linked Wed Aug 10 18:29:03 2016

OUTPUT FILE NAME:   <lab_01_03.out>
ENTRY POINT SYMBOL: "_c_int00"  address: 000007d5


MEMORY CONFIGURATION

         name            origin    length      used     unused   attr    fill
----------------------  --------  ---------  --------  --------  ----  --------
  FLASH                 00000000   00040000  000009c0  0003f640  R  X
  SRAM                  20000000   00008000  00000215  00007deb  RW X


SEGMENT ALLOCATION MAP

run origin  load origin   length   init length attrs members
----------  ----------- ---------- ----------- ----- -------
00000000    00000000    000009c0   000009c0    r-x
  00000000    00000000    0000026c   0000026c    r-- .intvecs
  0000026c    0000026c    00000734   00000734    r-x .text
  000009a0    000009a0    00000020   00000020    r-- .cinit
20000000    20000000    00000215   00000000    rw-
  20000000    20000000    00000200   00000000    rw- .stack
  20000200    20000200    00000015   00000000    rw- .data


SECTION ALLOCATION MAP

 output                                  attributes/
section   page    origin      length       input sections
--------  ----  ----------  ----------   ----------------
.intvecs   0    00000000    0000026c     
                  00000000    0000026c     tm4c123gh6pm_startup_ccs.obj (.intvecs)

.text      0    0000026c    00000734     
                  0000026c    00000150     lab-1_3.obj (.text)
                  000003bc    00000132     driverlib.lib : gpio.obj (.text:GPIOPadConfigSet)
                  000004ee    00000002     --HOLE-- [fill = 0]
                  000004f0    000000f4                   : sysctl.obj (.text:SysCtlClockSet)
                  000005e4    0000009c     rtsv7M4_T_le_v4SPD16_eabi.lib : memcpy_t2.obj (.text)
                  00000680    0000007a                                   : memset_t2.obj (.text)
                  000006fa    00000002     --HOLE-- [fill = 0]
                  000006fc    0000006c                                   : autoinit.obj (.text)
                  00000768    0000006a                                   : copy_decompress_rle.obj (.text)
                  000007d2    00000002     --HOLE-- [fill = 0]
                  000007d4    00000050                                   : boot.obj (.text)
                  00000824    0000004c                                   : cpy_tbl.obj (.text)
                  00000870    00000044                                   : exit.obj (.text)
                  000008b4    00000034     driverlib.lib : sysctl.obj (.text:SysCtlPeripheralEnable)
                  000008e8    0000002a                   : gpio.obj (.text:GPIODirModeSet)
                  00000912    00000018                   : gpio.obj (.text:GPIOPinTypeGPIOOutput)
                  0000092a    00000002     --HOLE-- [fill = 0]
                  0000092c    00000018     rtsv7M4_T_le_v4SPD16_eabi.lib : args_main.obj (.text)
                  00000944    00000014                                   : _lock.obj (.text)
                  00000958    00000012     driverlib.lib : gpio.obj (.text:GPIOPinTypeGPIOInput)
                  0000096a    0000000e     rtsv7M4_T_le_v4SPD16_eabi.lib : copy_decompress_none.obj (.text:decompress:none)
                  00000978    0000000c     tm4c123gh6pm_startup_ccs.obj (.text)
                  00000984    00000006     driverlib.lib : gpio.obj (.text:GPIOPinRead)
                  0000098a    00000006                   : gpio.obj (.text:GPIOPinWrite)
                  00000990    00000006                   : sysctl.obj (.text:SysCtlDelay)
                  00000996    00000006     rtsv7M4_T_le_v4SPD16_eabi.lib : copy_decompress_rle.obj (.text:decompress:rle24)
                  0000099c    00000004                                   : pre_init.obj (.text)

.cinit     0    000009a0    00000020     
                  000009a0    0000000f     (.cinit..data.load) [load image, compression = rle]
                  000009af    00000001     --HOLE-- [fill = 0]
                  000009b0    00000008     (__TI_handler_table)
                  000009b8    00000008     (__TI_cinit_table)

.init_array 
*          0    00000000    00000000     UNINITIALIZED

.stack     0    20000000    00000200     UNINITIALIZED
                  20000000    00000200     --HOLE--

.data      0    20000200    00000015     UNINITIALIZED
                  20000200    00000008     rtsv7M4_T_le_v4SPD16_eabi.lib : _lock.obj (.data)
                  20000208    00000008                                   : exit.obj (.data)
                  20000210    00000004                                   : stkdepth_vars.obj (.data)
                  20000214    00000001     lab-1_3.obj (.data)

.TI.persistent 
*          0    20000200    00000000     UNINITIALIZED


LINKER GENERATED COPY TABLES

__TI_cinit_table @ 000009b8 records: 1, size/record: 8, table size: 8
	.data: load addr=000009a0, load size=0000000f bytes, run addr=20000200, run size=00000015 bytes, compression=rle


LINKER GENERATED HANDLER TABLE

__TI_handler_table @ 000009b0 records: 2, size/record: 4, table size: 8
	index: 0, handler: __TI_decompress_rle24
	index: 1, handler: __TI_decompress_none


GLOBAL SYMBOLS: SORTED ALPHABETICALLY BY Name 

address   name                    
-------   ----                    
00000871  C$$EXIT                 
000008e9  GPIODirModeSet          
000003bd  GPIOPadConfigSet        
00000985  GPIOPinRead             
00000959  GPIOPinTypeGPIOInput    
00000913  GPIOPinTypeGPIOOutput   
0000098b  GPIOPinWrite            
00000979  ResetISR                
UNDEFED   SHT$$INIT_ARRAY$$Base   
UNDEFED   SHT$$INIT_ARRAY$$Limit  
000004f1  SysCtlClockSet          
00000991  SysCtlDelay             
000008b5  SysCtlPeripheralEnable  
20000200  __STACK_END             
00000200  __STACK_SIZE            
20000200  __STACK_TOP             
000009b8  __TI_CINIT_Base         
000009c0  __TI_CINIT_Limit        
000009b0  __TI_Handler_Table_Base 
000009b8  __TI_Handler_Table_Limit
000006fd  __TI_auto_init          
20000208  __TI_cleanup_ptr        
0000096b  __TI_decompress_none    
00000997  __TI_decompress_rle24   
2000020c  __TI_dtors_ptr          
00000000  __TI_static_base__      
00000681  __aeabi_memclr          
00000681  __aeabi_memclr4         
00000681  __aeabi_memclr8         
000005e5  __aeabi_memcpy          
000005e5  __aeabi_memcpy4         
000005e5  __aeabi_memcpy8         
00000683  __aeabi_memset          
00000683  __aeabi_memset4         
00000683  __aeabi_memset8         
ffffffff  __binit__               
ffffffff  __c_args__              
20000000  __stack                 
0000092d  _args_main              
000007d5  _c_int00                
20000200  _lock                   
00000953  _nop                    
0000094b  _register_lock          
00000945  _register_unlock        
0000099d  _system_pre_init        
20000204  _unlock                 
00000875  abort                   
ffffffff  binit                   
00000825  copy_in                 
0000087d  exit                    
00000000  g_pfnVectors            
0000027d  led_pin_config          
00000289  main                    
20000210  main_func_sp            
000005e5  memcpy                  
00000689  memset                  
0000026d  setup                   
20000214  sw1count                


GLOBAL SYMBOLS: SORTED BY Symbol Address 

address   name                    
-------   ----                    
00000000  __TI_static_base__      
00000000  g_pfnVectors            
00000200  __STACK_SIZE            
0000026d  setup                   
0000027d  led_pin_config          
00000289  main                    
000003bd  GPIOPadConfigSet        
000004f1  SysCtlClockSet          
000005e5  __aeabi_memcpy          
000005e5  __aeabi_memcpy4         
000005e5  __aeabi_memcpy8         
000005e5  memcpy                  
00000681  __aeabi_memclr          
00000681  __aeabi_memclr4         
00000681  __aeabi_memclr8         
00000683  __aeabi_memset          
00000683  __aeabi_memset4         
00000683  __aeabi_memset8         
00000689  memset                  
000006fd  __TI_auto_init          
000007d5  _c_int00                
00000825  copy_in                 
00000871  C$$EXIT                 
00000875  abort                   
0000087d  exit                    
000008b5  SysCtlPeripheralEnable  
000008e9  GPIODirModeSet          
00000913  GPIOPinTypeGPIOOutput   
0000092d  _args_main              
00000945  _register_unlock        
0000094b  _register_lock          
00000953  _nop                    
00000959  GPIOPinTypeGPIOInput    
0000096b  __TI_decompress_none    
00000979  ResetISR                
00000985  GPIOPinRead             
0000098b  GPIOPinWrite            
00000991  SysCtlDelay             
00000997  __TI_decompress_rle24   
0000099d  _system_pre_init        
000009b0  __TI_Handler_Table_Base 
000009b8  __TI_CINIT_Base         
000009b8  __TI_Handler_Table_Limit
000009c0  __TI_CINIT_Limit        
20000000  __stack                 
20000200  __STACK_END             
20000200  __STACK_TOP             
20000200  _lock                   
20000204  _unlock                 
20000208  __TI_cleanup_ptr        
2000020c  __TI_dtors_ptr          
20000210  main_func_sp            
20000214  sw1count                
ffffffff  __binit__               
ffffffff  __c_args__              
ffffffff  binit                   
UNDEFED   SHT$$INIT_ARRAY$$Base   
UNDEFED   SHT$$INIT_ARRAY$$Limit  

[58 symbols]
