******************************************************************************
                  TI ARM Linker PC v5.2.7                      
******************************************************************************
>> Linked Thu Aug 25 16:20:21 2016

OUTPUT FILE NAME:   <lab_03_02.out>
ENTRY POINT SYMBOL: "_c_int00"  address: 0000094d


MEMORY CONFIGURATION

         name            origin    length      used     unused   attr    fill
----------------------  --------  ---------  --------  --------  ----  --------
  FLASH                 00000000   00040000  00000d1c  0003f2e4  R  X
  SRAM                  20000000   00008000  00000215  00007deb  RW X


SEGMENT ALLOCATION MAP

run origin  load origin   length   init length attrs members
----------  ----------- ---------- ----------- ----- -------
00000000    00000000    00000d20   00000d20    r-x
  00000000    00000000    00000268   00000268    r-- .intvecs
  00000268    00000268    00000980   00000980    r-x .text
  00000be8    00000be8    000000fc   000000fc    r-- .const
  00000ce8    00000ce8    00000038   00000038    r-- .cinit
20000000    20000000    00000215   00000000    rw-
  20000000    20000000    00000200   00000000    rw- .stack
  20000200    20000200    00000014   00000000    rw- .data
  20000214    20000214    00000001   00000000    rw- .bss


SECTION ALLOCATION MAP

 output                                  attributes/
section   page    origin      length       input sections
--------  ----  ----------  ----------   ----------------
.intvecs   0    00000000    00000268     
                  00000000    00000268     tm4c123gh6pm_startup_ccs.obj (.intvecs)

.text      0    00000268    00000980     
                  00000268    000001bc     main.obj (.text)
                  00000424    00000132     driverlib.lib : gpio.obj (.text:GPIOPadConfigSet)
                  00000556    00000002     --HOLE-- [fill = 0]
                  00000558    00000110                   : sysctl.obj (.text:SysCtlClockGet)
                  00000668    000000f4                   : sysctl.obj (.text:SysCtlClockSet)
                  0000075c    0000009c     rtsv7M4_T_le_v4SPD16_eabi.lib : memcpy_t2.obj (.text)
                  000007f8    0000007a                                   : memset_t2.obj (.text)
                  00000872    00000002     --HOLE-- [fill = 0]
                  00000874    0000006c                                   : autoinit.obj (.text)
                  000008e0    0000006a                                   : copy_decompress_rle.obj (.text)
                  0000094a    00000002     --HOLE-- [fill = 0]
                  0000094c    00000050                                   : boot.obj (.text)
                  0000099c    0000004c                                   : cpy_tbl.obj (.text)
                  000009e8    00000048     driverlib.lib : gpio.obj (.text:GPIOPinConfigure)
                  00000a30    00000044     rtsv7M4_T_le_v4SPD16_eabi.lib : exit.obj (.text)
                  00000a74    00000034     driverlib.lib : sysctl.obj (.text:SysCtlPeripheralEnable)
                  00000aa8    0000002a                   : gpio.obj (.text:GPIODirModeSet)
                  00000ad2    00000022                   : pwm.obj (.text:PWMGenConfigure)
                  00000af4    0000001e                   : pwm.obj (.text:PWMPulseWidthSet)
                  00000b12    00000018                   : gpio.obj (.text:GPIOPinTypeGPIOOutput)
                  00000b2a    00000002     --HOLE-- [fill = 0]
                  00000b2c    00000018     rtsv7M4_T_le_v4SPD16_eabi.lib : args_main.obj (.text)
                  00000b44    00000014     driverlib.lib : sysctl.obj (.text:SysCtlPWMClockSet)
                  00000b58    00000014     rtsv7M4_T_le_v4SPD16_eabi.lib : _lock.obj (.text)
                  00000b6c    00000012     driverlib.lib : gpio.obj (.text:GPIOPinTypePWM)
                  00000b7e    00000012                   : pwm.obj (.text:PWMOutputState)
                  00000b90    00000010                   : pwm.obj (.text:PWMGenPeriodSet)
                  00000ba0    0000000e     rtsv7M4_T_le_v4SPD16_eabi.lib : copy_decompress_none.obj (.text:decompress:none)
                  00000bae    0000000c     driverlib.lib : pwm.obj (.text:PWMGenEnable)
                  00000bba    0000000c     rtsv7M4_T_le_v4SPD16_eabi.lib : copy_zero_init.obj (.text:decompress:ZI)
                  00000bc6    0000000c     tm4c123gh6pm_startup_ccs.obj (.text)
                  00000bd2    00000006     driverlib.lib : gpio.obj (.text:GPIOPinRead)
                  00000bd8    00000006                   : sysctl.obj (.text:SysCtlDelay)
                  00000bde    00000006     rtsv7M4_T_le_v4SPD16_eabi.lib : copy_decompress_rle.obj (.text:decompress:rle24)
                  00000be4    00000004                                   : pre_init.obj (.text)

.const     0    00000be8    000000fc     
                  00000be8    00000090     driverlib.lib : gpio.obj (.const:g_pui32GPIOBaseAddrs)
                  00000c78    0000006c                   : sysctl.obj (.const:g_pui32Xtals)

.cinit     0    00000ce8    00000038     
                  00000ce8    0000000f     (.cinit..data.load) [load image, compression = rle]
                  00000cf7    00000001     --HOLE-- [fill = 0]
                  00000cf8    0000000c     (__TI_handler_table)
                  00000d04    00000004     --HOLE-- [fill = 0]
                  00000d08    00000008     (.cinit..bss.load) [load image, compression = zero_init]
                  00000d10    00000010     (__TI_cinit_table)

.init_array 
*          0    00000000    00000000     UNINITIALIZED

.stack     0    20000000    00000200     UNINITIALIZED
                  20000000    00000200     --HOLE--

.data      0    20000200    00000014     UNINITIALIZED
                  20000200    00000008     rtsv7M4_T_le_v4SPD16_eabi.lib : _lock.obj (.data)
                  20000208    00000008                                   : exit.obj (.data)
                  20000210    00000004                                   : stkdepth_vars.obj (.data)

.bss       0    20000214    00000001     UNINITIALIZED
                  20000214    00000001     (.common:ui8Adjust)

.TI.persistent 
*          0    20000200    00000000     UNINITIALIZED

.TI.noinit 
*          0    20000214    00000000     UNINITIALIZED


LINKER GENERATED COPY TABLES

__TI_cinit_table @ 00000d10 records: 2, size/record: 8, table size: 16
	.data: load addr=00000ce8, load size=0000000f bytes, run addr=20000200, run size=00000014 bytes, compression=rle
	.bss: load addr=00000d08, load size=00000008 bytes, run addr=20000214, run size=00000001 bytes, compression=zero_init


LINKER GENERATED HANDLER TABLE

__TI_handler_table @ 00000cf8 records: 3, size/record: 4, table size: 12
	index: 0, handler: __TI_decompress_rle24
	index: 1, handler: __TI_decompress_none
	index: 2, handler: __TI_zero_init


GLOBAL SYMBOLS: SORTED ALPHABETICALLY BY Name 

address   name                    
-------   ----                    
00000a31  C$$EXIT                 
00000aa9  GPIODirModeSet          
00000425  GPIOPadConfigSet        
000009e9  GPIOPinConfigure        
00000bd3  GPIOPinRead             
00000b13  GPIOPinTypeGPIOOutput   
00000b6d  GPIOPinTypePWM          
00000ad3  PWMGenConfigure         
00000baf  PWMGenEnable            
00000b91  PWMGenPeriodSet         
00000b7f  PWMOutputState          
00000af5  PWMPulseWidthSet        
00000bc7  ResetISR                
UNDEFED   SHT$$INIT_ARRAY$$Base   
UNDEFED   SHT$$INIT_ARRAY$$Limit  
00000559  SysCtlClockGet          
00000669  SysCtlClockSet          
00000bd9  SysCtlDelay             
00000b45  SysCtlPWMClockSet       
00000a75  SysCtlPeripheralEnable  
20000200  __STACK_END             
00000200  __STACK_SIZE            
20000200  __STACK_TOP             
00000d10  __TI_CINIT_Base         
00000d20  __TI_CINIT_Limit        
00000cf8  __TI_Handler_Table_Base 
00000d04  __TI_Handler_Table_Limit
00000875  __TI_auto_init          
20000208  __TI_cleanup_ptr        
00000ba1  __TI_decompress_none    
00000bdf  __TI_decompress_rle24   
2000020c  __TI_dtors_ptr          
00000000  __TI_static_base__      
00000bbb  __TI_zero_init          
000007f9  __aeabi_memclr          
000007f9  __aeabi_memclr4         
000007f9  __aeabi_memclr8         
0000075d  __aeabi_memcpy          
0000075d  __aeabi_memcpy4         
0000075d  __aeabi_memcpy8         
000007fb  __aeabi_memset          
000007fb  __aeabi_memset4         
000007fb  __aeabi_memset8         
ffffffff  __binit__               
ffffffff  __c_args__              
20000000  __stack                 
00000b2d  _args_main              
0000094d  _c_int00                
20000200  _lock                   
00000b67  _nop                    
00000b5f  _register_lock          
00000b59  _register_unlock        
00000be5  _system_pre_init        
20000204  _unlock                 
00000a35  abort                   
ffffffff  binit                   
0000099d  copy_in                 
00000a3d  exit                    
00000000  g_pfnVectors            
00000279  led_pin_config          
00000285  main                    
20000210  main_func_sp            
0000075d  memcpy                  
00000801  memset                  
00000269  setup                   
20000214  ui8Adjust               


GLOBAL SYMBOLS: SORTED BY Symbol Address 

address   name                    
-------   ----                    
00000000  __TI_static_base__      
00000000  g_pfnVectors            
00000200  __STACK_SIZE            
00000269  setup                   
00000279  led_pin_config          
00000285  main                    
00000425  GPIOPadConfigSet        
00000559  SysCtlClockGet          
00000669  SysCtlClockSet          
0000075d  __aeabi_memcpy          
0000075d  __aeabi_memcpy4         
0000075d  __aeabi_memcpy8         
0000075d  memcpy                  
000007f9  __aeabi_memclr          
000007f9  __aeabi_memclr4         
000007f9  __aeabi_memclr8         
000007fb  __aeabi_memset          
000007fb  __aeabi_memset4         
000007fb  __aeabi_memset8         
00000801  memset                  
00000875  __TI_auto_init          
0000094d  _c_int00                
0000099d  copy_in                 
000009e9  GPIOPinConfigure        
00000a31  C$$EXIT                 
00000a35  abort                   
00000a3d  exit                    
00000a75  SysCtlPeripheralEnable  
00000aa9  GPIODirModeSet          
00000ad3  PWMGenConfigure         
00000af5  PWMPulseWidthSet        
00000b13  GPIOPinTypeGPIOOutput   
00000b2d  _args_main              
00000b45  SysCtlPWMClockSet       
00000b59  _register_unlock        
00000b5f  _register_lock          
00000b67  _nop                    
00000b6d  GPIOPinTypePWM          
00000b7f  PWMOutputState          
00000b91  PWMGenPeriodSet         
00000ba1  __TI_decompress_none    
00000baf  PWMGenEnable            
00000bbb  __TI_zero_init          
00000bc7  ResetISR                
00000bd3  GPIOPinRead             
00000bd9  SysCtlDelay             
00000bdf  __TI_decompress_rle24   
00000be5  _system_pre_init        
00000cf8  __TI_Handler_Table_Base 
00000d04  __TI_Handler_Table_Limit
00000d10  __TI_CINIT_Base         
00000d20  __TI_CINIT_Limit        
20000000  __stack                 
20000200  __STACK_END             
20000200  __STACK_TOP             
20000200  _lock                   
20000204  _unlock                 
20000208  __TI_cleanup_ptr        
2000020c  __TI_dtors_ptr          
20000210  main_func_sp            
20000214  ui8Adjust               
ffffffff  __binit__               
ffffffff  __c_args__              
ffffffff  binit                   
UNDEFED   SHT$$INIT_ARRAY$$Base   
UNDEFED   SHT$$INIT_ARRAY$$Limit  

[66 symbols]
