******************************************************************************
                  TI ARM Linker PC v5.2.7                      
******************************************************************************
>> Linked Tue Aug 16 18:14:57 2016

OUTPUT FILE NAME:   <lab_2_1.out>
ENTRY POINT SYMBOL: "_c_int00"  address: 000009bd


MEMORY CONFIGURATION

         name            origin    length      used     unused   attr    fill
----------------------  --------  ---------  --------  --------  ----  --------
  FLASH                 00000000   00040000  00000cf0  0003f310  R  X
  SRAM                  20000000   00008000  00000220  00007de0  RW X


SEGMENT ALLOCATION MAP

run origin  load origin   length   init length attrs members
----------  ----------- ---------- ----------- ----- -------
00000000    00000000    00000cf0   00000cf0    r-x
  00000000    00000000    0000026c   0000026c    r-- .intvecs
  0000026c    0000026c    00000970   00000970    r-x .text
  00000bdc    00000bdc    000000dc   000000dc    r-- .const
  00000cb8    00000cb8    00000038   00000038    r-- .cinit
20000000    20000000    00000220   00000000    rw-
  20000000    20000000    00000200   00000000    rw- .stack
  20000200    20000200    0000001c   00000000    rw- .data
  2000021c    2000021c    00000004   00000000    rw- .bss


SECTION ALLOCATION MAP

 output                                  attributes/
section   page    origin      length       input sections
--------  ----  ----------  ----------   ----------------
.intvecs   0    00000000    0000026c     
                  00000000    0000026c     tm4c123gh6pm_startup_ccs.obj (.intvecs)

.text      0    0000026c    00000970     
                  0000026c    00000160     lab_2_1.obj (.text)
                  000003cc    00000132     driverlib.lib : gpio.obj (.text:GPIOPadConfigSet)
                  000004fe    00000002     --HOLE-- [fill = 0]
                  00000500    00000110                   : sysctl.obj (.text:SysCtlClockGet)
                  00000610    000000f4                   : sysctl.obj (.text:SysCtlClockSet)
                  00000704    0000009c     rtsv7M4_T_le_v4SPD16_eabi.lib : memcpy_t2.obj (.text)
                  000007a0    0000007a                                   : memset_t2.obj (.text)
                  0000081a    00000002     --HOLE-- [fill = 0]
                  0000081c    0000006c                                   : autoinit.obj (.text)
                  00000888    0000006a                                   : copy_decompress_rle.obj (.text)
                  000008f2    00000002     --HOLE-- [fill = 0]
                  000008f4    00000068     driverlib.lib : interrupt.obj (.text:IntEnable)
                  0000095c    00000060                   : timer.obj (.text:TimerConfigure)
                  000009bc    00000050     rtsv7M4_T_le_v4SPD16_eabi.lib : boot.obj (.text)
                  00000a0c    0000004c                                   : cpy_tbl.obj (.text)
                  00000a58    00000044                                   : exit.obj (.text)
                  00000a9c    00000034     driverlib.lib : sysctl.obj (.text:SysCtlPeripheralEnable)
                  00000ad0    0000002a                   : gpio.obj (.text:GPIODirModeSet)
                  00000afa    00000018                   : gpio.obj (.text:GPIOPinTypeGPIOOutput)
                  00000b12    00000002     --HOLE-- [fill = 0]
                  00000b14    00000018     rtsv7M4_T_le_v4SPD16_eabi.lib : args_main.obj (.text)
                  00000b2c    00000014                                   : _lock.obj (.text)
                  00000b40    00000012     driverlib.lib : gpio.obj (.text:GPIOPinTypeGPIOInput)
                  00000b52    00000012                   : timer.obj (.text:TimerLoadSet)
                  00000b64    00000010                   : interrupt.obj (.text:IntMasterEnable)
                  00000b74    0000000e                   : timer.obj (.text:TimerEnable)
                  00000b82    0000000e     rtsv7M4_T_le_v4SPD16_eabi.lib : copy_decompress_none.obj (.text:decompress:none)
                  00000b90    0000000c     driverlib.lib : cpu.obj (.text:CPUcpsie)
                  00000b9c    0000000c     rtsv7M4_T_le_v4SPD16_eabi.lib : copy_zero_init.obj (.text:decompress:ZI)
                  00000ba8    0000000c     tm4c123gh6pm_startup_ccs.obj (.text)
                  00000bb4    00000008     driverlib.lib : timer.obj (.text:TimerIntEnable)
                  00000bbc    00000006                   : gpio.obj (.text:GPIOPinRead)
                  00000bc2    00000006                   : gpio.obj (.text:GPIOPinWrite)
                  00000bc8    00000006                   : sysctl.obj (.text:SysCtlDelay)
                  00000bce    00000006     rtsv7M4_T_le_v4SPD16_eabi.lib : copy_decompress_rle.obj (.text:decompress:rle24)
                  00000bd4    00000004     driverlib.lib : timer.obj (.text:TimerIntClear)
                  00000bd8    00000004     rtsv7M4_T_le_v4SPD16_eabi.lib : pre_init.obj (.text)

.const     0    00000bdc    000000dc     
                  00000bdc    00000070     driverlib.lib : interrupt.obj (.const)
                  00000c4c    0000006c                   : sysctl.obj (.const:g_pui32Xtals)

.cinit     0    00000cb8    00000038     
                  00000cb8    00000012     (.cinit..data.load) [load image, compression = rle]
                  00000cca    00000002     --HOLE-- [fill = 0]
                  00000ccc    0000000c     (__TI_handler_table)
                  00000cd8    00000008     (.cinit..bss.load) [load image, compression = zero_init]
                  00000ce0    00000010     (__TI_cinit_table)

.init_array 
*          0    00000000    00000000     UNINITIALIZED

.stack     0    20000000    00000200     UNINITIALIZED
                  20000000    00000200     --HOLE--

.data      0    20000200    0000001c     UNINITIALIZED
                  20000200    00000008     lab_2_1.obj (.data)
                  20000208    00000008     rtsv7M4_T_le_v4SPD16_eabi.lib : _lock.obj (.data)
                  20000210    00000008                                   : exit.obj (.data)
                  20000218    00000004                                   : stkdepth_vars.obj (.data)

.bss       0    2000021c    00000004     UNINITIALIZED
                  2000021c    00000004     (.common:ui32Period)

.TI.persistent 
*          0    20000200    00000000     UNINITIALIZED

.TI.noinit 
*          0    2000021c    00000000     UNINITIALIZED


LINKER GENERATED COPY TABLES

__TI_cinit_table @ 00000ce0 records: 2, size/record: 8, table size: 16
	.data: load addr=00000cb8, load size=00000012 bytes, run addr=20000200, run size=0000001c bytes, compression=rle
	.bss: load addr=00000cd8, load size=00000008 bytes, run addr=2000021c, run size=00000004 bytes, compression=zero_init


LINKER GENERATED HANDLER TABLE

__TI_handler_table @ 00000ccc records: 3, size/record: 4, table size: 12
	index: 0, handler: __TI_decompress_rle24
	index: 1, handler: __TI_decompress_none
	index: 2, handler: __TI_zero_init


GLOBAL SYMBOLS: SORTED ALPHABETICALLY BY Name 

address   name                    
-------   ----                    
00000a59  C$$EXIT                 
00000b91  CPUcpsie                
00000ad1  GPIODirModeSet          
000003cd  GPIOPadConfigSet        
00000bbd  GPIOPinRead             
00000b41  GPIOPinTypeGPIOInput    
00000afb  GPIOPinTypeGPIOOutput   
00000bc3  GPIOPinWrite            
000008f5  IntEnable               
00000b65  IntMasterEnable         
00000ba9  ResetISR                
UNDEFED   SHT$$INIT_ARRAY$$Base   
UNDEFED   SHT$$INIT_ARRAY$$Limit  
00000501  SysCtlClockGet          
00000611  SysCtlClockSet          
00000bc9  SysCtlDelay             
00000a9d  SysCtlPeripheralEnable  
0000095d  TimerConfigure          
00000b75  TimerEnable             
00000bd5  TimerIntClear           
00000bb5  TimerIntEnable          
00000b53  TimerLoadSet            
20000200  __STACK_END             
00000200  __STACK_SIZE            
20000200  __STACK_TOP             
00000ce0  __TI_CINIT_Base         
00000cf0  __TI_CINIT_Limit        
00000ccc  __TI_Handler_Table_Base 
00000cd8  __TI_Handler_Table_Limit
0000081d  __TI_auto_init          
20000210  __TI_cleanup_ptr        
00000b83  __TI_decompress_none    
00000bcf  __TI_decompress_rle24   
20000214  __TI_dtors_ptr          
00000000  __TI_static_base__      
00000b9d  __TI_zero_init          
000007a1  __aeabi_memclr          
000007a1  __aeabi_memclr4         
000007a1  __aeabi_memclr8         
00000705  __aeabi_memcpy          
00000705  __aeabi_memcpy4         
00000705  __aeabi_memcpy8         
000007a3  __aeabi_memset          
000007a3  __aeabi_memset4         
000007a3  __aeabi_memset8         
ffffffff  __binit__               
ffffffff  __c_args__              
20000000  __stack                 
00000b15  _args_main              
000009bd  _c_int00                
20000208  _lock                   
00000b3b  _nop                    
00000b33  _register_lock          
00000b2d  _register_unlock        
00000bd9  _system_pre_init        
2000020c  _unlock                 
00000a5d  abort                   
ffffffff  binit                   
00000a0d  copy_in                 
20000200  count                   
00000303  detectkeypress          
00000289  enable_timer            
00000a65  exit                    
00000000  g_pfnVectors            
0000027d  led_pin_config          
000002d3  main                    
20000218  main_func_sp            
00000705  memcpy                  
000007a9  memset                  
0000026d  setup                   
20000204  sw1press                
2000021c  ui32Period              


GLOBAL SYMBOLS: SORTED BY Symbol Address 

address   name                    
-------   ----                    
00000000  __TI_static_base__      
00000000  g_pfnVectors            
00000200  __STACK_SIZE            
0000026d  setup                   
0000027d  led_pin_config          
00000289  enable_timer            
000002d3  main                    
00000303  detectkeypress          
000003cd  GPIOPadConfigSet        
00000501  SysCtlClockGet          
00000611  SysCtlClockSet          
00000705  __aeabi_memcpy          
00000705  __aeabi_memcpy4         
00000705  __aeabi_memcpy8         
00000705  memcpy                  
000007a1  __aeabi_memclr          
000007a1  __aeabi_memclr4         
000007a1  __aeabi_memclr8         
000007a3  __aeabi_memset          
000007a3  __aeabi_memset4         
000007a3  __aeabi_memset8         
000007a9  memset                  
0000081d  __TI_auto_init          
000008f5  IntEnable               
0000095d  TimerConfigure          
000009bd  _c_int00                
00000a0d  copy_in                 
00000a59  C$$EXIT                 
00000a5d  abort                   
00000a65  exit                    
00000a9d  SysCtlPeripheralEnable  
00000ad1  GPIODirModeSet          
00000afb  GPIOPinTypeGPIOOutput   
00000b15  _args_main              
00000b2d  _register_unlock        
00000b33  _register_lock          
00000b3b  _nop                    
00000b41  GPIOPinTypeGPIOInput    
00000b53  TimerLoadSet            
00000b65  IntMasterEnable         
00000b75  TimerEnable             
00000b83  __TI_decompress_none    
00000b91  CPUcpsie                
00000b9d  __TI_zero_init          
00000ba9  ResetISR                
00000bb5  TimerIntEnable          
00000bbd  GPIOPinRead             
00000bc3  GPIOPinWrite            
00000bc9  SysCtlDelay             
00000bcf  __TI_decompress_rle24   
00000bd5  TimerIntClear           
00000bd9  _system_pre_init        
00000ccc  __TI_Handler_Table_Base 
00000cd8  __TI_Handler_Table_Limit
00000ce0  __TI_CINIT_Base         
00000cf0  __TI_CINIT_Limit        
20000000  __stack                 
20000200  __STACK_END             
20000200  __STACK_TOP             
20000200  count                   
20000204  sw1press                
20000208  _lock                   
2000020c  _unlock                 
20000210  __TI_cleanup_ptr        
20000214  __TI_dtors_ptr          
20000218  main_func_sp            
2000021c  ui32Period              
ffffffff  __binit__               
ffffffff  __c_args__              
ffffffff  binit                   
UNDEFED   SHT$$INIT_ARRAY$$Base   
UNDEFED   SHT$$INIT_ARRAY$$Limit  

[72 symbols]
