******************************************************************************
                  TI ARM Linker PC v5.2.7                      
******************************************************************************
>> Linked Tue Aug 16 16:34:37 2016

OUTPUT FILE NAME:   <lab_2_2.out>
ENTRY POINT SYMBOL: "_c_int00"  address: 00000979


MEMORY CONFIGURATION

         name            origin    length      used     unused   attr    fill
----------------------  --------  ---------  --------  --------  ----  --------
  FLASH                 00000000   00040000  00000ca6  0003f35a  R  X
  SRAM                  20000000   00008000  00000220  00007de0  RW X


SEGMENT ALLOCATION MAP

run origin  load origin   length   init length attrs members
----------  ----------- ---------- ----------- ----- -------
00000000    00000000    00000ca8   00000ca8    r-x
  00000000    00000000    0000026c   0000026c    r-- .intvecs
  0000026c    0000026c    00000926   00000926    r-x .text
  00000b94    00000b94    000000dc   000000dc    r-- .const
  00000c70    00000c70    00000038   00000038    r-- .cinit
20000000    20000000    00000220   00000000    rw-
  20000000    20000000    00000200   00000000    rw- .stack
  20000200    20000200    0000001c   00000000    rw- .data
  2000021c    2000021c    00000004   00000000    rw- .bss


SECTION ALLOCATION MAP

 output                                  attributes/
section   page    origin      length       input sections
--------  ----  ----------  ----------   ----------------
.intvecs   0    00000000    0000026c     
                  00000000    0000026c     tm4c123gh6pm_startup_ccs.obj (.intvecs)

.text      0    0000026c    00000926     
                  0000026c    00000132     driverlib.lib : gpio.obj (.text:GPIOPadConfigSet)
                  0000039e    00000002     --HOLE-- [fill = 0]
                  000003a0    0000011c     lab-2_2.obj (.text)
                  000004bc    00000110     driverlib.lib : sysctl.obj (.text:SysCtlClockGet)
                  000005cc    000000f4                   : sysctl.obj (.text:SysCtlClockSet)
                  000006c0    0000009c     rtsv7M4_T_le_v4SPD16_eabi.lib : memcpy_t2.obj (.text)
                  0000075c    0000007a                                   : memset_t2.obj (.text)
                  000007d6    00000002     --HOLE-- [fill = 0]
                  000007d8    0000006c                                   : autoinit.obj (.text)
                  00000844    0000006a                                   : copy_decompress_rle.obj (.text)
                  000008ae    00000002     --HOLE-- [fill = 0]
                  000008b0    00000068     driverlib.lib : interrupt.obj (.text:IntEnable)
                  00000918    00000060                   : timer.obj (.text:TimerConfigure)
                  00000978    00000050     rtsv7M4_T_le_v4SPD16_eabi.lib : boot.obj (.text)
                  000009c8    0000004c                                   : cpy_tbl.obj (.text)
                  00000a14    00000044                                   : exit.obj (.text)
                  00000a58    00000034     driverlib.lib : sysctl.obj (.text:SysCtlPeripheralEnable)
                  00000a8c    0000002a                   : gpio.obj (.text:GPIODirModeSet)
                  00000ab6    00000018                   : gpio.obj (.text:GPIOPinTypeGPIOOutput)
                  00000ace    00000002     --HOLE-- [fill = 0]
                  00000ad0    00000018     rtsv7M4_T_le_v4SPD16_eabi.lib : args_main.obj (.text)
                  00000ae8    00000014                                   : _lock.obj (.text)
                  00000afc    00000012     driverlib.lib : gpio.obj (.text:GPIOPinTypeGPIOInput)
                  00000b0e    00000012                   : timer.obj (.text:TimerLoadSet)
                  00000b20    00000010                   : interrupt.obj (.text:IntMasterEnable)
                  00000b30    0000000e                   : timer.obj (.text:TimerEnable)
                  00000b3e    0000000e     rtsv7M4_T_le_v4SPD16_eabi.lib : copy_decompress_none.obj (.text:decompress:none)
                  00000b4c    0000000c     driverlib.lib : cpu.obj (.text:CPUcpsie)
                  00000b58    0000000c     rtsv7M4_T_le_v4SPD16_eabi.lib : copy_zero_init.obj (.text:decompress:ZI)
                  00000b64    0000000c     tm4c123gh6pm_startup_ccs.obj (.text)
                  00000b70    00000008     driverlib.lib : timer.obj (.text:TimerIntEnable)
                  00000b78    00000006                   : gpio.obj (.text:GPIOPinRead)
                  00000b7e    00000006                   : sysctl.obj (.text:SysCtlDelay)
                  00000b84    00000006     rtsv7M4_T_le_v4SPD16_eabi.lib : copy_decompress_rle.obj (.text:decompress:rle24)
                  00000b8a    00000004     driverlib.lib : timer.obj (.text:TimerIntClear)
                  00000b8e    00000004     rtsv7M4_T_le_v4SPD16_eabi.lib : pre_init.obj (.text)

.const     0    00000b94    000000dc     
                  00000b94    00000070     driverlib.lib : interrupt.obj (.const)
                  00000c04    0000006c                   : sysctl.obj (.const:g_pui32Xtals)

.cinit     0    00000c70    00000038     
                  00000c70    00000012     (.cinit..data.load) [load image, compression = rle]
                  00000c82    00000002     --HOLE-- [fill = 0]
                  00000c84    0000000c     (__TI_handler_table)
                  00000c90    00000008     (.cinit..bss.load) [load image, compression = zero_init]
                  00000c98    00000010     (__TI_cinit_table)

.init_array 
*          0    00000000    00000000     UNINITIALIZED

.stack     0    20000000    00000200     UNINITIALIZED
                  20000000    00000200     --HOLE--

.data      0    20000200    0000001c     UNINITIALIZED
                  20000200    00000008     lab-2_2.obj (.data)
                  20000208    00000008     rtsv7M4_T_le_v4SPD16_eabi.lib : _lock.obj (.data)
                  20000210    00000008                                   : exit.obj (.data)
                  20000218    00000004                                   : stkdepth_vars.obj (.data)

.bss       0    2000021c    00000004     UNINITIALIZED
                  2000021c    00000004     (.common:ui32Period)

.TI.persistent 
*          0    20000200    00000000     UNINITIALIZED

.TI.noinit 
*          0    2000021c    00000000     UNINITIALIZED


LINKER GENERATED COPY TABLES

__TI_cinit_table @ 00000c98 records: 2, size/record: 8, table size: 16
	.data: load addr=00000c70, load size=00000012 bytes, run addr=20000200, run size=0000001c bytes, compression=rle
	.bss: load addr=00000c90, load size=00000008 bytes, run addr=2000021c, run size=00000004 bytes, compression=zero_init


LINKER GENERATED HANDLER TABLE

__TI_handler_table @ 00000c84 records: 3, size/record: 4, table size: 12
	index: 0, handler: __TI_decompress_rle24
	index: 1, handler: __TI_decompress_none
	index: 2, handler: __TI_zero_init


GLOBAL SYMBOLS: SORTED ALPHABETICALLY BY Name 

address   name                    
-------   ----                    
00000a15  C$$EXIT                 
00000b4d  CPUcpsie                
00000a8d  GPIODirModeSet          
0000026d  GPIOPadConfigSet        
00000b79  GPIOPinRead             
00000afd  GPIOPinTypeGPIOInput    
00000ab7  GPIOPinTypeGPIOOutput   
000008b1  IntEnable               
00000b21  IntMasterEnable         
00000b65  ResetISR                
UNDEFED   SHT$$INIT_ARRAY$$Base   
UNDEFED   SHT$$INIT_ARRAY$$Limit  
000004bd  SysCtlClockGet          
000005cd  SysCtlClockSet          
00000b7f  SysCtlDelay             
00000a59  SysCtlPeripheralEnable  
00000919  TimerConfigure          
00000b31  TimerEnable             
00000b8b  TimerIntClear           
00000b71  TimerIntEnable          
00000b0f  TimerLoadSet            
20000200  __STACK_END             
00000200  __STACK_SIZE            
20000200  __STACK_TOP             
00000c98  __TI_CINIT_Base         
00000ca8  __TI_CINIT_Limit        
00000c84  __TI_Handler_Table_Base 
00000c90  __TI_Handler_Table_Limit
000007d9  __TI_auto_init          
20000210  __TI_cleanup_ptr        
00000b3f  __TI_decompress_none    
00000b85  __TI_decompress_rle24   
20000214  __TI_dtors_ptr          
00000000  __TI_static_base__      
00000b59  __TI_zero_init          
0000075d  __aeabi_memclr          
0000075d  __aeabi_memclr4         
0000075d  __aeabi_memclr8         
000006c1  __aeabi_memcpy          
000006c1  __aeabi_memcpy4         
000006c1  __aeabi_memcpy8         
0000075f  __aeabi_memset          
0000075f  __aeabi_memset4         
0000075f  __aeabi_memset8         
ffffffff  __binit__               
ffffffff  __c_args__              
20000000  __stack                 
00000ad1  _args_main              
00000979  _c_int00                
20000208  _lock                   
00000af7  _nop                    
00000aef  _register_lock          
00000ae9  _register_unlock        
00000b8f  _system_pre_init        
2000020c  _unlock                 
00000a19  abort                   
ffffffff  binit                   
000009c9  copy_in                 
20000200  count                   
00000447  detectkeypress          
000003bd  enable_timer            
00000a21  exit                    
00000000  g_pfnVectors            
000003b1  led_pin_config          
00000407  main                    
20000218  main_func_sp            
000006c1  memcpy                  
00000765  memset                  
20000204  press                   
000003a1  setup                   
2000021c  ui32Period              


GLOBAL SYMBOLS: SORTED BY Symbol Address 

address   name                    
-------   ----                    
00000000  __TI_static_base__      
00000000  g_pfnVectors            
00000200  __STACK_SIZE            
0000026d  GPIOPadConfigSet        
000003a1  setup                   
000003b1  led_pin_config          
000003bd  enable_timer            
00000407  main                    
00000447  detectkeypress          
000004bd  SysCtlClockGet          
000005cd  SysCtlClockSet          
000006c1  __aeabi_memcpy          
000006c1  __aeabi_memcpy4         
000006c1  __aeabi_memcpy8         
000006c1  memcpy                  
0000075d  __aeabi_memclr          
0000075d  __aeabi_memclr4         
0000075d  __aeabi_memclr8         
0000075f  __aeabi_memset          
0000075f  __aeabi_memset4         
0000075f  __aeabi_memset8         
00000765  memset                  
000007d9  __TI_auto_init          
000008b1  IntEnable               
00000919  TimerConfigure          
00000979  _c_int00                
000009c9  copy_in                 
00000a15  C$$EXIT                 
00000a19  abort                   
00000a21  exit                    
00000a59  SysCtlPeripheralEnable  
00000a8d  GPIODirModeSet          
00000ab7  GPIOPinTypeGPIOOutput   
00000ad1  _args_main              
00000ae9  _register_unlock        
00000aef  _register_lock          
00000af7  _nop                    
00000afd  GPIOPinTypeGPIOInput    
00000b0f  TimerLoadSet            
00000b21  IntMasterEnable         
00000b31  TimerEnable             
00000b3f  __TI_decompress_none    
00000b4d  CPUcpsie                
00000b59  __TI_zero_init          
00000b65  ResetISR                
00000b71  TimerIntEnable          
00000b79  GPIOPinRead             
00000b7f  SysCtlDelay             
00000b85  __TI_decompress_rle24   
00000b8b  TimerIntClear           
00000b8f  _system_pre_init        
00000c84  __TI_Handler_Table_Base 
00000c90  __TI_Handler_Table_Limit
00000c98  __TI_CINIT_Base         
00000ca8  __TI_CINIT_Limit        
20000000  __stack                 
20000200  __STACK_END             
20000200  __STACK_TOP             
20000200  count                   
20000204  press                   
20000208  _lock                   
2000020c  _unlock                 
20000210  __TI_cleanup_ptr        
20000214  __TI_dtors_ptr          
20000218  main_func_sp            
2000021c  ui32Period              
ffffffff  __binit__               
ffffffff  __c_args__              
ffffffff  binit                   
UNDEFED   SHT$$INIT_ARRAY$$Base   
UNDEFED   SHT$$INIT_ARRAY$$Limit  

[71 symbols]
