******************************************************************************
                  TI ARM Linker PC v5.2.7                      
******************************************************************************
>> Linked Mon Aug 08 23:29:03 2016

OUTPUT FILE NAME:   <lab_1.out>
ENTRY POINT SYMBOL: "_c_int00"  address: 00000789


MEMORY CONFIGURATION

         name            origin    length      used     unused   attr    fill
----------------------  --------  ---------  --------  --------  ----  --------
  FLASH                 00000000   00040000  0000097a  0003f686  R  X
  SRAM                  20000000   00008000  00000214  00007dec  RW X


SEGMENT ALLOCATION MAP

run origin  load origin   length   init length attrs members
----------  ----------- ---------- ----------- ----- -------
00000000    00000000    00000980   00000980    r-x
  00000000    00000000    0000026c   0000026c    r-- .intvecs
  00000270    00000270    000006ee   000006ee    r-x .text
  00000960    00000960    00000020   00000020    r-- .cinit
20000000    20000000    00000214   00000000    rw-
  20000000    20000000    00000200   00000000    rw- .stack
  20000200    20000200    00000014   00000000    rw- .data


SECTION ALLOCATION MAP

 output                                  attributes/
section   page    origin      length       input sections
--------  ----  ----------  ----------   ----------------
.intvecs   0    00000000    0000026c     
                  00000000    0000026c     tm4c123gh6pm_startup_ccs.obj (.intvecs)

.text      0    00000270    000006ee     
                  00000270    00000132     driverlib.lib : gpio.obj (.text:GPIOPadConfigSet)
                  000003a2    00000006                   : gpio.obj (.text:GPIOPinRead)
                  000003a8    000000fa     lab-1.obj (.text)
                  000004a2    00000002     --HOLE-- [fill = 0]
                  000004a4    000000f4     driverlib.lib : sysctl.obj (.text:SysCtlClockSet)
                  00000598    0000009c     rtsv7M4_T_le_v4SPD16_eabi.lib : memcpy_t2.obj (.text)
                  00000634    0000007a                                   : memset_t2.obj (.text)
                  000006ae    00000002     --HOLE-- [fill = 0]
                  000006b0    0000006c                                   : autoinit.obj (.text)
                  0000071c    0000006a                                   : copy_decompress_rle.obj (.text)
                  00000786    00000002     --HOLE-- [fill = 0]
                  00000788    00000050                                   : boot.obj (.text)
                  000007d8    0000004c                                   : cpy_tbl.obj (.text)
                  00000824    00000044                                   : exit.obj (.text)
                  00000868    00000034     driverlib.lib : sysctl.obj (.text:SysCtlPeripheralEnable)
                  0000089c    0000002a                   : gpio.obj (.text:GPIODirModeSet)
                  000008c6    00000002     --HOLE-- [fill = 0]
                  000008c8    0000001a     tm4c123gh6pm_startup_ccs.obj (.text)
                  000008e2    00000018     driverlib.lib : gpio.obj (.text:GPIOPinTypeGPIOOutput)
                  000008fa    00000002     --HOLE-- [fill = 0]
                  000008fc    00000018     rtsv7M4_T_le_v4SPD16_eabi.lib : args_main.obj (.text)
                  00000914    00000014                                   : _lock.obj (.text)
                  00000928    00000012     driverlib.lib : gpio.obj (.text:GPIOPinTypeGPIOInput)
                  0000093a    0000000e     rtsv7M4_T_le_v4SPD16_eabi.lib : copy_decompress_none.obj (.text:decompress:none)
                  00000948    00000006     driverlib.lib : gpio.obj (.text:GPIOPinWrite)
                  0000094e    00000006                   : sysctl.obj (.text:SysCtlDelay)
                  00000954    00000006     rtsv7M4_T_le_v4SPD16_eabi.lib : copy_decompress_rle.obj (.text:decompress:rle24)
                  0000095a    00000004                                   : pre_init.obj (.text)

.cinit     0    00000960    00000020     
                  00000960    0000000f     (.cinit..data.load) [load image, compression = rle]
                  0000096f    00000001     --HOLE-- [fill = 0]
                  00000970    00000008     (__TI_handler_table)
                  00000978    00000008     (__TI_cinit_table)

.init_array 
*          0    00000000    00000000     UNINITIALIZED

.stack     0    20000000    00000200     UNINITIALIZED
                  20000000    00000200     --HOLE--

.data      0    20000200    00000014     UNINITIALIZED
                  20000200    00000008     rtsv7M4_T_le_v4SPD16_eabi.lib : _lock.obj (.data)
                  20000208    00000008                                   : exit.obj (.data)
                  20000210    00000004                                   : stkdepth_vars.obj (.data)

.TI.persistent 
*          0    20000200    00000000     UNINITIALIZED


LINKER GENERATED COPY TABLES

__TI_cinit_table @ 00000978 records: 1, size/record: 8, table size: 8
	.data: load addr=00000960, load size=0000000f bytes, run addr=20000200, run size=00000014 bytes, compression=rle


LINKER GENERATED HANDLER TABLE

__TI_handler_table @ 00000970 records: 2, size/record: 4, table size: 8
	index: 0, handler: __TI_decompress_rle24
	index: 1, handler: __TI_decompress_none


GLOBAL SYMBOLS: SORTED ALPHABETICALLY BY Name 

address   name                    
-------   ----                    
00000825  C$$EXIT                 
0000089d  GPIODirModeSet          
00000271  GPIOPadConfigSet        
000003a3  GPIOPinRead             
00000929  GPIOPinTypeGPIOInput    
000008e3  GPIOPinTypeGPIOOutput   
00000949  GPIOPinWrite            
000008c9  ResetISR                
UNDEFED   SHT$$INIT_ARRAY$$Base   
UNDEFED   SHT$$INIT_ARRAY$$Limit  
000004a5  SysCtlClockSet          
0000094f  SysCtlDelay             
00000869  SysCtlPeripheralEnable  
20000200  __STACK_END             
00000200  __STACK_SIZE            
20000200  __STACK_TOP             
00000978  __TI_CINIT_Base         
00000980  __TI_CINIT_Limit        
00000970  __TI_Handler_Table_Base 
00000978  __TI_Handler_Table_Limit
000006b1  __TI_auto_init          
20000208  __TI_cleanup_ptr        
0000093b  __TI_decompress_none    
00000955  __TI_decompress_rle24   
2000020c  __TI_dtors_ptr          
00000000  __TI_static_base__      
00000635  __aeabi_memclr          
00000635  __aeabi_memclr4         
00000635  __aeabi_memclr8         
00000599  __aeabi_memcpy          
00000599  __aeabi_memcpy4         
00000599  __aeabi_memcpy8         
00000637  __aeabi_memset          
00000637  __aeabi_memset4         
00000637  __aeabi_memset8         
ffffffff  __binit__               
ffffffff  __c_args__              
20000000  __stack                 
000008fd  _args_main              
00000789  _c_int00                
20000200  _lock                   
00000923  _nop                    
0000091b  _register_lock          
00000915  _register_unlock        
0000095b  _system_pre_init        
20000204  _unlock                 
00000829  abort                   
ffffffff  binit                   
000007d9  copy_in                 
00000831  exit                    
00000000  g_pfnVectors            
000003c9  led_pin_config          
000003e1  main                    
20000210  main_func_sp            
00000599  memcpy                  
0000063d  memset                  
000003a9  setup                   


GLOBAL SYMBOLS: SORTED BY Symbol Address 

address   name                    
-------   ----                    
00000000  __TI_static_base__      
00000000  g_pfnVectors            
00000200  __STACK_SIZE            
00000271  GPIOPadConfigSet        
000003a3  GPIOPinRead             
000003a9  setup                   
000003c9  led_pin_config          
000003e1  main                    
000004a5  SysCtlClockSet          
00000599  __aeabi_memcpy          
00000599  __aeabi_memcpy4         
00000599  __aeabi_memcpy8         
00000599  memcpy                  
00000635  __aeabi_memclr          
00000635  __aeabi_memclr4         
00000635  __aeabi_memclr8         
00000637  __aeabi_memset          
00000637  __aeabi_memset4         
00000637  __aeabi_memset8         
0000063d  memset                  
000006b1  __TI_auto_init          
00000789  _c_int00                
000007d9  copy_in                 
00000825  C$$EXIT                 
00000829  abort                   
00000831  exit                    
00000869  SysCtlPeripheralEnable  
0000089d  GPIODirModeSet          
000008c9  ResetISR                
000008e3  GPIOPinTypeGPIOOutput   
000008fd  _args_main              
00000915  _register_unlock        
0000091b  _register_lock          
00000923  _nop                    
00000929  GPIOPinTypeGPIOInput    
0000093b  __TI_decompress_none    
00000949  GPIOPinWrite            
0000094f  SysCtlDelay             
00000955  __TI_decompress_rle24   
0000095b  _system_pre_init        
00000970  __TI_Handler_Table_Base 
00000978  __TI_CINIT_Base         
00000978  __TI_Handler_Table_Limit
00000980  __TI_CINIT_Limit        
20000000  __stack                 
20000200  __STACK_END             
20000200  __STACK_TOP             
20000200  _lock                   
20000204  _unlock                 
20000208  __TI_cleanup_ptr        
2000020c  __TI_dtors_ptr          
20000210  main_func_sp            
ffffffff  __binit__               
ffffffff  __c_args__              
ffffffff  binit                   
UNDEFED   SHT$$INIT_ARRAY$$Base   
UNDEFED   SHT$$INIT_ARRAY$$Limit  

[57 symbols]
