******************************************************************************
                  TI ARM Linker PC v5.2.7                      
******************************************************************************
>> Linked Wed Aug 10 01:23:43 2016

OUTPUT FILE NAME:   <lab_01_02.out>
ENTRY POINT SYMBOL: "_c_int00"  address: 0000070d


MEMORY CONFIGURATION

         name            origin    length      used     unused   attr    fill
----------------------  --------  ---------  --------  --------  ----  --------
  FLASH                 00000000   00040000  000008f2  0003f70e  R  X
  SRAM                  20000000   00008000  00000215  00007deb  RW X


SEGMENT ALLOCATION MAP

run origin  load origin   length   init length attrs members
----------  ----------- ---------- ----------- ----- -------
00000000    00000000    000008f8   000008f8    r-x
  00000000    00000000    0000026c   0000026c    r-- .intvecs
  0000026c    0000026c    00000666   00000666    r-x .text
  000008d8    000008d8    00000020   00000020    r-- .cinit
20000000    20000000    00000215   00000000    rw-
  20000000    20000000    00000200   00000000    rw- .stack
  20000200    20000200    00000015   00000000    rw- .data


SECTION ALLOCATION MAP

 output                                  attributes/
section   page    origin      length       input sections
--------  ----  ----------  ----------   ----------------
.intvecs   0    00000000    0000026c     
                  00000000    0000026c     tm4c123gh6pm_startup_ccs.obj (.intvecs)

.text      0    0000026c    00000666     
                  0000026c    00000132     driverlib.lib : gpio.obj (.text:GPIOPadConfigSet)
                  0000039e    00000002     --HOLE-- [fill = 0]
                  000003a0    000000f4                   : sysctl.obj (.text:SysCtlClockSet)
                  00000494    0000009c     rtsv7M4_T_le_v4SPD16_eabi.lib : memcpy_t2.obj (.text)
                  00000530    00000088     lab-1_2.obj (.text)
                  000005b8    0000007a     rtsv7M4_T_le_v4SPD16_eabi.lib : memset_t2.obj (.text)
                  00000632    00000002     --HOLE-- [fill = 0]
                  00000634    0000006c                                   : autoinit.obj (.text)
                  000006a0    0000006a                                   : copy_decompress_rle.obj (.text)
                  0000070a    00000002     --HOLE-- [fill = 0]
                  0000070c    00000050                                   : boot.obj (.text)
                  0000075c    0000004c                                   : cpy_tbl.obj (.text)
                  000007a8    00000044                                   : exit.obj (.text)
                  000007ec    00000034     driverlib.lib : sysctl.obj (.text:SysCtlPeripheralEnable)
                  00000820    0000002a                   : gpio.obj (.text:GPIODirModeSet)
                  0000084a    00000018                   : gpio.obj (.text:GPIOPinTypeGPIOOutput)
                  00000862    00000002     --HOLE-- [fill = 0]
                  00000864    00000018     rtsv7M4_T_le_v4SPD16_eabi.lib : args_main.obj (.text)
                  0000087c    00000014                                   : _lock.obj (.text)
                  00000890    00000012     driverlib.lib : gpio.obj (.text:GPIOPinTypeGPIOInput)
                  000008a2    0000000e     rtsv7M4_T_le_v4SPD16_eabi.lib : copy_decompress_none.obj (.text:decompress:none)
                  000008b0    0000000c     tm4c123gh6pm_startup_ccs.obj (.text)
                  000008bc    00000006     driverlib.lib : gpio.obj (.text:GPIOPinRead)
                  000008c2    00000006                   : sysctl.obj (.text:SysCtlDelay)
                  000008c8    00000006     rtsv7M4_T_le_v4SPD16_eabi.lib : copy_decompress_rle.obj (.text:decompress:rle24)
                  000008ce    00000004                                   : pre_init.obj (.text)

.cinit     0    000008d8    00000020     
                  000008d8    0000000f     (.cinit..data.load) [load image, compression = rle]
                  000008e7    00000001     --HOLE-- [fill = 0]
                  000008e8    00000008     (__TI_handler_table)
                  000008f0    00000008     (__TI_cinit_table)

.init_array 
*          0    00000000    00000000     UNINITIALIZED

.stack     0    20000000    00000200     UNINITIALIZED
                  20000000    00000200     --HOLE--

.data      0    20000200    00000015     UNINITIALIZED
                  20000200    00000008     rtsv7M4_T_le_v4SPD16_eabi.lib : _lock.obj (.data)
                  20000208    00000008                                   : exit.obj (.data)
                  20000210    00000004                                   : stkdepth_vars.obj (.data)
                  20000214    00000001     lab-1_2.obj (.data)

.TI.persistent 
*          0    20000200    00000000     UNINITIALIZED


LINKER GENERATED COPY TABLES

__TI_cinit_table @ 000008f0 records: 1, size/record: 8, table size: 8
	.data: load addr=000008d8, load size=0000000f bytes, run addr=20000200, run size=00000015 bytes, compression=rle


LINKER GENERATED HANDLER TABLE

__TI_handler_table @ 000008e8 records: 2, size/record: 4, table size: 8
	index: 0, handler: __TI_decompress_rle24
	index: 1, handler: __TI_decompress_none


GLOBAL SYMBOLS: SORTED ALPHABETICALLY BY Name 

address   name                    
-------   ----                    
000007a9  C$$EXIT                 
00000821  GPIODirModeSet          
0000026d  GPIOPadConfigSet        
000008bd  GPIOPinRead             
00000891  GPIOPinTypeGPIOInput    
0000084b  GPIOPinTypeGPIOOutput   
000008b1  ResetISR                
UNDEFED   SHT$$INIT_ARRAY$$Base   
UNDEFED   SHT$$INIT_ARRAY$$Limit  
000003a1  SysCtlClockSet          
000008c3  SysCtlDelay             
000007ed  SysCtlPeripheralEnable  
20000200  __STACK_END             
00000200  __STACK_SIZE            
20000200  __STACK_TOP             
000008f0  __TI_CINIT_Base         
000008f8  __TI_CINIT_Limit        
000008e8  __TI_Handler_Table_Base 
000008f0  __TI_Handler_Table_Limit
00000635  __TI_auto_init          
20000208  __TI_cleanup_ptr        
000008a3  __TI_decompress_none    
000008c9  __TI_decompress_rle24   
2000020c  __TI_dtors_ptr          
00000000  __TI_static_base__      
000005b9  __aeabi_memclr          
000005b9  __aeabi_memclr4         
000005b9  __aeabi_memclr8         
00000495  __aeabi_memcpy          
00000495  __aeabi_memcpy4         
00000495  __aeabi_memcpy8         
000005bb  __aeabi_memset          
000005bb  __aeabi_memset4         
000005bb  __aeabi_memset8         
ffffffff  __binit__               
ffffffff  __c_args__              
20000000  __stack                 
00000865  _args_main              
0000070d  _c_int00                
20000200  _lock                   
0000088b  _nop                    
00000883  _register_lock          
0000087d  _register_unlock        
000008cf  _system_pre_init        
20000204  _unlock                 
000007ad  abort                   
ffffffff  binit                   
0000075d  copy_in                 
000007b5  exit                    
00000000  g_pfnVectors            
00000541  led_pin_config          
0000054d  main                    
20000210  main_func_sp            
00000495  memcpy                  
000005c1  memset                  
00000531  setup                   
20000214  sw2count1               


GLOBAL SYMBOLS: SORTED BY Symbol Address 

address   name                    
-------   ----                    
00000000  __TI_static_base__      
00000000  g_pfnVectors            
00000200  __STACK_SIZE            
0000026d  GPIOPadConfigSet        
000003a1  SysCtlClockSet          
00000495  __aeabi_memcpy          
00000495  __aeabi_memcpy4         
00000495  __aeabi_memcpy8         
00000495  memcpy                  
00000531  setup                   
00000541  led_pin_config          
0000054d  main                    
000005b9  __aeabi_memclr          
000005b9  __aeabi_memclr4         
000005b9  __aeabi_memclr8         
000005bb  __aeabi_memset          
000005bb  __aeabi_memset4         
000005bb  __aeabi_memset8         
000005c1  memset                  
00000635  __TI_auto_init          
0000070d  _c_int00                
0000075d  copy_in                 
000007a9  C$$EXIT                 
000007ad  abort                   
000007b5  exit                    
000007ed  SysCtlPeripheralEnable  
00000821  GPIODirModeSet          
0000084b  GPIOPinTypeGPIOOutput   
00000865  _args_main              
0000087d  _register_unlock        
00000883  _register_lock          
0000088b  _nop                    
00000891  GPIOPinTypeGPIOInput    
000008a3  __TI_decompress_none    
000008b1  ResetISR                
000008bd  GPIOPinRead             
000008c3  SysCtlDelay             
000008c9  __TI_decompress_rle24   
000008cf  _system_pre_init        
000008e8  __TI_Handler_Table_Base 
000008f0  __TI_CINIT_Base         
000008f0  __TI_Handler_Table_Limit
000008f8  __TI_CINIT_Limit        
20000000  __stack                 
20000200  __STACK_END             
20000200  __STACK_TOP             
20000200  _lock                   
20000204  _unlock                 
20000208  __TI_cleanup_ptr        
2000020c  __TI_dtors_ptr          
20000210  main_func_sp            
20000214  sw2count1               
ffffffff  __binit__               
ffffffff  __c_args__              
ffffffff  binit                   
UNDEFED   SHT$$INIT_ARRAY$$Base   
UNDEFED   SHT$$INIT_ARRAY$$Limit  

[57 symbols]
